// Jest Snapshot v1, https://goo.gl/fbAQLP

exports[`rpcClient loadSecp256k1ScriptDep should match snapshot 1`] = `
{
  "CODE_HASH": "0xd0cce425c72f3dc8f42d75c8133d6555d5c6590a995ddf301e4f573d2ce3f471",
  "DEP_TYPE": "depGroup",
  "HASH_TYPE": "type",
  "INDEX": "0x0",
  "TX_HASH": "0x02",
}
`;
